{"mode":"secretbox","data":"0iDcgdlysZSD+l1VhC3hkti6scQCpkHmI4FVEBo=","nonce":"vFU5ZactpprMV1EWYapx5L35Fm7bsVMd","salt":"1q1iXCWuxrZbt0UG56Y6Vg==","limits":[2,67108864]}