name: stocks
image:
  back: var(--color-black)
  color: var(--color-gray-500)
  cover: true
  icon: kart-stocks
  query: false
options:
  preview: false
  changeSlug: false
  changeStatus: false
  changeTemplate: false
  delete: false
  duplicate: false
  move: false
  sort: false
sections:
  stats:
    label: bnomei.kart.summary
    type: stats
    reports:
      - 
        label: bnomei.kart.products
        value: '{{ page.children.count }}'
        link: '{{ site.kart.page("products")?.panel.url }}'
      - 
        label: bnomei.kart.out-of-stock
        value: '{{ site.kart.page("products")?.outOfStock.count }}'
      - 
        label: bnomei.kart.stocks
        value: '{{ page.stock(null, null, "*") }}'
      - 
        label: bnomei.kart.latest
        value: '{{ page.children.sortBy("timestamp", "desc").first.timestamp }}'
  meta:
    type: fields
    fields:
      line:
        type: line
  stocks:
    label: bnomei.kart.stocks
    type: pages
    template: stock
    sortBy: timestamp desc
    text: '{{ page.page.toPage.inStock ? "" : "⚠️ " }}[{{ page.stockPad(3) }}] {{ page.page.toPage.title }}'
    info: '{{ page.title }} ・ {{ page.timestamp }}'
    limit: 1000
