name: stock
image:
  back: var(--color-black)
  color: var(--color-gray-500)
  cover: true
  icon: kart-stock
  query: false
options:
  changeSlug: false
  changeTitle: false
  changeTemplate: false
create:
  title: auto
  slug: auto
fields:
  page:
    label: bnomei.kart.product
    type: pages
    query: site.kart.page("products")
    info: '{{ page.formattedPrice }}{{ page.featured.ecco(" ★") }}{{ page.variants.ecco(" ❖") }}'
    multiple: false
    subpages: false
    translate: false
    width: 1/4
    image:
      cover: true
      query: page.gallery.toFiles.first
  timestamp:
    label: bnomei.kart.timestamp
    type: date
    required: true
    time:
      step: 1
    default: now
    translate: false
    width: 1/4
  modified_ts:
    label: bnomei.kart.timestamp
    type: info
    theme: neutral
    text: '{{ page.timestampOrModified }}'
    width: 1/4
  gap1:
    type: gap
    width: 1/4
  stock:
    label: bnomei.kart.stock
    type: number
    required: true
    step: 1
    default: 0
    translate: false
    width: 1/4
  variants:
    label: bnomei.kart.variants
    type: structure
    after: '{{ kirby.option("bnomei.kart.currency") }}'
    translate: false
    width: 3/4
    fields:
      variant:
        label: bnomei.kart.variant
        type: tags
      stock:
        label: bnomei.kart.stock
        type: number
        step: 1
        default: 0
